[INFO] Scanning for projects...
[INFO] 
[INFO] --------------------< com.finviet:finviet-backend >---------------------
[INFO] Building finviet-backend 1.0.0
[INFO]   from pom.xml
[INFO] --------------------------------[ jar ]---------------------------------
[INFO] 
[INFO] >>> spring-boot:3.2.5:run (default-cli) > test-compile @ finviet-backend >>>
[INFO] 
[INFO] --- resources:3.3.1:resources (default-resources) @ finviet-backend ---
[INFO] Copying 1 resource from src\main\resources to target\classes
[INFO] Copying 0 resource from src\main\resources to target\classes
[INFO] 
[INFO] --- compiler:3.11.0:compile (default-compile) @ finviet-backend ---
[INFO] Nothing to compile - all classes are up to date
[INFO] 
[INFO] --- resources:3.3.1:testResources (default-testResources) @ finviet-backend ---
[INFO] skip non existing resourceDirectory D:\test\finviet\backend\src\test\resources
[INFO] 
[INFO] --- compiler:3.11.0:testCompile (default-testCompile) @ finviet-backend ---
[INFO] Nothing to compile - all classes are up to date
[INFO] 
[INFO] <<< spring-boot:3.2.5:run (default-cli) < test-compile @ finviet-backend <<<
[INFO] 
[INFO] 
[INFO] --- spring-boot:3.2.5:run (default-cli) @ finviet-backend ---
[INFO] Attaching agents: []
Standard Commons Logging discovery in action with spring-jcl: please remove commons-logging.jar from classpath in order to avoid potential conflicts

  .   ____          _            __ _ _
 /\\ / ___'_ __ _ _(_)_ __  __ _ \ \ \ \
( ( )\___ | '_ | '_| | '_ \/ _` | \ \ \ \
 \\/  ___)| |_)| | | | | || (_| |  ) ) ) )
  '  |____| .__|_| |_|_| |_\__, | / / / /
 =========|_|==============|___/=/_/_/_/
 :: Spring Boot ::                (v3.2.5)

2026-05-21T21:26:05.608+07:00  INFO 19956 --- [finviet-backend] [           main] com.finviet.app.FinVietApplication       : Starting FinVietApplication using Java 17.0.10 with PID 19956 (D:\test\finviet\backend\target\classes started by ACER in D:\test\finviet\backend)
2026-05-21T21:26:05.610+07:00  INFO 19956 --- [finviet-backend] [           main] com.finviet.app.FinVietApplication       : The following 1 profile is active: "dev"
2026-05-21T21:26:06.118+07:00  INFO 19956 --- [finviet-backend] [           main] .s.d.r.c.RepositoryConfigurationDelegate : Multiple Spring Data modules found, entering strict repository configuration mode
2026-05-21T21:26:06.119+07:00  INFO 19956 --- [finviet-backend] [           main] .s.d.r.c.RepositoryConfigurationDelegate : Bootstrapping Spring Data JPA repositories in DEFAULT mode.
2026-05-21T21:26:06.216+07:00  INFO 19956 --- [finviet-backend] [           main] .s.d.r.c.RepositoryConfigurationDelegate : Finished Spring Data repository scanning in 92 ms. Found 9 JPA repository interfaces.
2026-05-21T21:26:06.229+07:00  INFO 19956 --- [finviet-backend] [           main] .s.d.r.c.RepositoryConfigurationDelegate : Multiple Spring Data modules found, entering strict repository configuration mode
2026-05-21T21:26:06.229+07:00  INFO 19956 --- [finviet-backend] [           main] .s.d.r.c.RepositoryConfigurationDelegate : Bootstrapping Spring Data Redis repositories in DEFAULT mode.
2026-05-21T21:26:06.238+07:00  INFO 19956 --- [finviet-backend] [           main] .RepositoryConfigurationExtensionSupport : Spring Data Redis - Could not safely identify store assignment for repository candidate interface com.finviet.app.ai.AiUsageRepository; If you want this repository to be a Redis repository, consider annotating your entities with one of these annotations: org.springframework.data.redis.core.RedisHash (preferred), or consider extending one of the following types with your repository: org.springframework.data.keyvalue.repository.KeyValueRepository
2026-05-21T21:26:06.239+07:00  INFO 19956 --- [finviet-backend] [           main] .RepositoryConfigurationExtensionSupport : Spring Data Redis - Could not safely identify store assignment for repository candidate interface com.finviet.app.budget.BudgetRepository; If you want this repository to be a Redis repository, consider annotating your entities with one of these annotations: org.springframework.data.redis.core.RedisHash (preferred), or consider extending one of the following types with your repository: org.springframework.data.keyvalue.repository.KeyValueRepository
2026-05-21T21:26:06.239+07:00  INFO 19956 --- [finviet-backend] [           main] .RepositoryConfigurationExtensionSupport : Spring Data Redis - Could not safely identify store assignment for repository candidate interface com.finviet.app.category.CategoryRepository; If you want this repository to be a Redis repository, consider annotating your entities with one of these annotations: org.springframework.data.redis.core.RedisHash (preferred), or consider extending one of the following types with your repository: org.springframework.data.keyvalue.repository.KeyValueRepository
2026-05-21T21:26:06.239+07:00  INFO 19956 --- [finviet-backend] [           main] .RepositoryConfigurationExtensionSupport : Spring Data Redis - Could not safely identify store assignment for repository candidate interface com.finviet.app.chat.ChatMessageRepository; If you want this repository to be a Redis repository, consider annotating your entities with one of these annotations: org.springframework.data.redis.core.RedisHash (preferred), or consider extending one of the following types with your repository: org.springframework.data.keyvalue.repository.KeyValueRepository
2026-05-21T21:26:06.239+07:00  INFO 19956 --- [finviet-backend] [           main] .RepositoryConfigurationExtensionSupport : Spring Data Redis - Could not safely identify store assignment for repository candidate interface com.finviet.app.goal.SavingGoalRepository; If you want this repository to be a Redis repository, consider annotating your entities with one of these annotations: org.springframework.data.redis.core.RedisHash (preferred), or consider extending one of the following types with your repository: org.springframework.data.keyvalue.repository.KeyValueRepository
2026-05-21T21:26:06.239+07:00  INFO 19956 --- [finviet-backend] [           main] .RepositoryConfigurationExtensionSupport : Spring Data Redis - Could not safely identify store assignment for repository candidate interface com.finviet.app.report.WeeklyReportRepository; If you want this repository to be a Redis repository, consider annotating your entities with one of these annotations: org.springframework.data.redis.core.RedisHash (preferred), or consider extending one of the following types with your repository: org.springframework.data.keyvalue.repository.KeyValueRepository
2026-05-21T21:26:06.239+07:00  INFO 19956 --- [finviet-backend] [           main] .RepositoryConfigurationExtensionSupport : Spring Data Redis - Could not safely identify store assignment for repository candidate interface com.finviet.app.transaction.TransactionRepository; If you want this repository to be a Redis repository, consider annotating your entities with one of these annotations: org.springframework.data.redis.core.RedisHash (preferred), or consider extending one of the following types with your repository: org.springframework.data.keyvalue.repository.KeyValueRepository
2026-05-21T21:26:06.240+07:00  INFO 19956 --- [finviet-backend] [           main] .RepositoryConfigurationExtensionSupport : Spring Data Redis - Could not safely identify store assignment for repository candidate interface com.finviet.app.user.UserRepository; If you want this repository to be a Redis repository, consider annotating your entities with one of these annotations: org.springframework.data.redis.core.RedisHash (preferred), or consider extending one of the following types with your repository: org.springframework.data.keyvalue.repository.KeyValueRepository
2026-05-21T21:26:06.240+07:00  INFO 19956 --- [finviet-backend] [           main] .RepositoryConfigurationExtensionSupport : Spring Data Redis - Could not safely identify store assignment for repository candidate interface com.finviet.app.wallet.WalletRepository; If you want this repository to be a Redis repository, consider annotating your entities with one of these annotations: org.springframework.data.redis.core.RedisHash (preferred), or consider extending one of the following types with your repository: org.springframework.data.keyvalue.repository.KeyValueRepository
2026-05-21T21:26:06.240+07:00  INFO 19956 --- [finviet-backend] [           main] .s.d.r.c.RepositoryConfigurationDelegate : Finished Spring Data repository scanning in 5 ms. Found 0 Redis repository interfaces.
2026-05-21T21:26:06.614+07:00  INFO 19956 --- [finviet-backend] [           main] o.s.b.w.embedded.tomcat.TomcatWebServer  : Tomcat initialized with port 8090 (http)
2026-05-21T21:26:06.621+07:00  INFO 19956 --- [finviet-backend] [           main] o.apache.catalina.core.StandardService   : Starting service [Tomcat]
2026-05-21T21:26:06.621+07:00  INFO 19956 --- [finviet-backend] [           main] o.apache.catalina.core.StandardEngine    : Starting Servlet engine: [Apache Tomcat/10.1.20]
2026-05-21T21:26:06.661+07:00  INFO 19956 --- [finviet-backend] [           main] o.a.c.c.C.[Tomcat].[localhost].[/]       : Initializing Spring embedded WebApplicationContext
2026-05-21T21:26:06.662+07:00  INFO 19956 --- [finviet-backend] [           main] w.s.c.ServletWebServerApplicationContext : Root WebApplicationContext: initialization completed in 1026 ms
Standard Commons Logging discovery in action with spring-jcl: please remove commons-logging.jar from classpath in order to avoid potential conflicts
2026-05-21T21:26:06.688+07:00  INFO 19956 --- [finviet-backend] [           main] com.zaxxer.hikari.HikariDataSource       : HikariPool-1 - Starting...
2026-05-21T21:26:06.801+07:00  INFO 19956 --- [finviet-backend] [           main] com.zaxxer.hikari.pool.HikariPool        : HikariPool-1 - Added connection conn0: url=jdbc:h2:mem:finviet user=SA
2026-05-21T21:26:06.802+07:00  INFO 19956 --- [finviet-backend] [           main] com.zaxxer.hikari.HikariDataSource       : HikariPool-1 - Start completed.
2026-05-21T21:26:06.808+07:00  INFO 19956 --- [finviet-backend] [           main] o.s.b.a.h2.H2ConsoleAutoConfiguration    : H2 console available at '/h2'. Database available at 'jdbc:h2:mem:finviet'
2026-05-21T21:26:06.864+07:00  INFO 19956 --- [finviet-backend] [           main] o.hibernate.jpa.internal.util.LogHelper  : HHH000204: Processing PersistenceUnitInfo [name: default]
2026-05-21T21:26:06.892+07:00  INFO 19956 --- [finviet-backend] [           main] org.hibernate.Version                    : HHH000412: Hibernate ORM core version 6.4.4.Final
2026-05-21T21:26:06.911+07:00  INFO 19956 --- [finviet-backend] [           main] o.h.c.internal.RegionFactoryInitiator    : HHH000026: Second-level cache disabled
2026-05-21T21:26:07.032+07:00  INFO 19956 --- [finviet-backend] [           main] o.s.o.j.p.SpringPersistenceUnitInfo      : No LoadTimeWeaver setup: ignoring JPA class transformer
2026-05-21T21:26:07.057+07:00  WARN 19956 --- [finviet-backend] [           main] org.hibernate.orm.deprecation            : HHH90000025: H2Dialect does not need to be specified explicitly using 'hibernate.dialect' (remove the property setting and it will be selected by default)
2026-05-21T21:26:07.691+07:00  INFO 19956 --- [finviet-backend] [           main] o.h.e.t.j.p.i.JtaPlatformInitiator       : HHH000489: No JTA platform available (set 'hibernate.transaction.jta.platform' to enable JTA platform integration)
2026-05-21T21:26:07.750+07:00  INFO 19956 --- [finviet-backend] [           main] j.LocalContainerEntityManagerFactoryBean : Initialized JPA EntityManagerFactory for persistence unit 'default'
2026-05-21T21:26:07.975+07:00  INFO 19956 --- [finviet-backend] [           main] o.s.d.j.r.query.QueryEnhancerFactory     : Hibernate is in classpath; If applicable, HQL parser will be used.
2026-05-21T21:26:08.322+07:00  WARN 19956 --- [finviet-backend] [           main] JpaBaseConfiguration$JpaWebConfiguration : spring.jpa.open-in-view is enabled by default. Therefore, database queries may be performed during view rendering. Explicitly configure spring.jpa.open-in-view to disable this warning
2026-05-21T21:26:08.340+07:00  WARN 19956 --- [finviet-backend] [           main] .s.s.UserDetailsServiceAutoConfiguration : 

Using generated security password: 0a790c16-612b-48ca-b933-54342ed9da9c

This generated password is for development use only. Your security configuration must be updated before running your application in production.

2026-05-21T21:26:08.510+07:00  INFO 19956 --- [finviet-backend] [           main] o.s.s.web.DefaultSecurityFilterChain     : Will secure any request with [org.springframework.security.web.session.DisableEncodeUrlFilter@94d4dd, org.springframework.security.web.context.request.async.WebAsyncManagerIntegrationFilter@5867c87, org.springframework.security.web.context.SecurityContextHolderFilter@1ef48e49, org.springframework.security.web.header.HeaderWriterFilter@7e8c465d, org.springframework.web.filter.CorsFilter@112e72ea, org.springframework.security.web.authentication.logout.LogoutFilter@3b21b0f5, com.finviet.app.security.JwtAuthFilter@78d49939, org.springframework.security.web.savedrequest.RequestCacheAwareFilter@6716d0e1, org.springframework.security.web.servletapi.SecurityContextHolderAwareRequestFilter@4a04177e, org.springframework.security.web.authentication.AnonymousAuthenticationFilter@259c7ff3, org.springframework.security.web.session.SessionManagementFilter@40f95b87, org.springframework.security.web.access.ExceptionTranslationFilter@3b5299a3, org.springframework.security.web.access.intercept.AuthorizationFilter@61ac8777]
2026-05-21T21:26:08.986+07:00  INFO 19956 --- [finviet-backend] [           main] o.s.b.w.embedded.tomcat.TomcatWebServer  : Tomcat started on port 8090 (http) with context path ''
2026-05-21T21:26:08.995+07:00  INFO 19956 --- [finviet-backend] [           main] com.finviet.app.FinVietApplication       : Started FinVietApplication in 3.646 seconds (process running for 3.878)
2026-05-21T21:26:09.076+07:00  INFO 19956 --- [finviet-backend] [           main] com.finviet.app.config.DataSeeder        : Seeded 15 system categories
2026-05-21T21:26:09.186+07:00  INFO 19956 --- [finviet-backend] [           main] com.finviet.app.config.DataSeeder        : Seeded admin user (email=admin@finviet.local, password=admin123)
2026-05-21T21:26:09.260+07:00  INFO 19956 --- [finviet-backend] [           main] com.finviet.app.config.DataSeeder        : Seeded demo user (email=demo@finviet.local, password=demo1234) with 3 wallets
2026-05-21T21:26:09.330+07:00  INFO 19956 --- [finviet-backend] [           main] com.finviet.app.config.DataSeeder        : Seeded 164 demo transactions across 60 days
2026-05-21T21:26:09.383+07:00  INFO 19956 --- [finviet-backend] [           main] com.finviet.app.config.DataSeeder        : Seeded 524 AI usage records over 30 days
